// Jest Snapshot v1, https://goo.gl/fbAQLP

exports[`should render LoginPage correctly 1`] = `
<div
  className="box-layout"
>
  <div
    className="box-layout__box"
  >
    <h1
      className="box-layout__title"
    >
      Despes
      <span>
        {
      </span>
      app
      <span>
        }
      </span>
    </h1>
    <button
      className="button"
      onClick={[Function]}
    >
      Login com Google
    </button>
  </div>
</div>
`;
